// Vitest Snapshot v1, https://vitest.dev/guide/snapshot.html

exports[`simpleSVGPlaceholder > should return accurate svg placeholder for { dataUri: false, width: 100, height: 100 } 1`] = `"<svg xmlns="http://www.w3.org/2000/svg" width="100" height="100" viewBox="0 0 100 100"><rect fill="#ddd" width="100" height="100"/><text fill="rgba(0,0,0,0.5)" font-family="sans-serif" font-size="20" dy="7" font-weight="bold" x="50%" y="50%" text-anchor="middle">100Ã—100</text></svg>"`;

exports[`simpleSVGPlaceholder > should return accurate svg placeholder for { dataUri: false, width: 300, height: 300, text: 'Hello World' } 1`] = `"<svg xmlns="http://www.w3.org/2000/svg" width="300" height="300" viewBox="0 0 300 300"><rect fill="#ddd" width="300" height="300"/><text fill="rgba(0,0,0,0.5)" font-family="sans-serif" font-size="60" dy="21" font-weight="bold" x="50%" y="50%" text-anchor="middle">Hello World</text></svg>"`;

exports[`simpleSVGPlaceholder > should return accurate svg placeholder for { dataUri: false, width: 300, height: 300, text: 'Some super long string', textColor: 'rgba(255,255,255,0.5)', bgColor: 'rgba(0,0,0,0.5)' } 1`] = `"<svg xmlns="http://www.w3.org/2000/svg" width="300" height="300" viewBox="0 0 300 300"><rect fill="rgba(0,0,0,0.5)" width="300" height="300"/><text fill="rgba(255,255,255,0.5)" font-family="sans-serif" font-size="60" dy="21" font-weight="bold" x="50%" y="50%" text-anchor="middle">Some super long string</text></svg>"`;

exports[`simpleSVGPlaceholder > should return accurate svg placeholder for { dataUri: false, width: 300, height: 300, text: 'Some super long string', textColor: 'rgba(255,255,255,0.5)', bgColor: 'rgba(0,0,0,0.5)', textWrap: true } 1`] = `"<svg xmlns="http://www.w3.org/2000/svg" width="300" height="300" viewBox="0 0 300 300"><rect fill="rgba(0,0,0,0.5)" width="300" height="300"/><foreignObject width="300" height="300"><div xmlns="http://www.w3.org/1999/xhtml" style="align-items: center;box-sizing: border-box;color: rgba(255,255,255,0.5);display: flex;font-family: sans-serif;font-size: 60px;font-weight: bold;height: 100%;line-height: 1.2;justify-content: center;padding: 0.5em;text-align: center;width: 100%;">Some super long string</div> </foreignObject></svg>"`;

exports[`simpleSVGPlaceholder > should return accurate svg placeholder for { dataUri: false, width: 1920, height: 1080, text: 'Hello World', textColor: '#fff', bgColor: '#000' } 1`] = `"<svg xmlns="http://www.w3.org/2000/svg" width="1920" height="1080" viewBox="0 0 1920 1080"><rect fill="#000" width="1920" height="1080"/><text fill="#fff" font-family="sans-serif" font-size="216" dy="75.6" font-weight="bold" x="50%" y="50%" text-anchor="middle">Hello World</text></svg>"`;

exports[`simpleSVGPlaceholder > should return accurate svg placeholder for { dataUri: false, width: 1920, height: 1080, text: 'Hello World', textColor: 'rgba(255,255,255,0.5)', bgColor: 'rgba(0,0,0,0.5)' } 1`] = `"<svg xmlns="http://www.w3.org/2000/svg" width="1920" height="1080" viewBox="0 0 1920 1080"><rect fill="rgba(0,0,0,0.5)" width="1920" height="1080"/><text fill="rgba(255,255,255,0.5)" font-family="sans-serif" font-size="216" dy="75.6" font-weight="bold" x="50%" y="50%" text-anchor="middle">Hello World</text></svg>"`;

exports[`simpleSVGPlaceholder > should return accurate svg placeholder for { dataUri: true, width: 100, height: 100 } 1`] = `"data:image/svg+xml;charset=utf8,%3Csvg%20xmlns%3D%22http%3A%2F%2Fwww.w3.org%2F2000%2Fsvg%22%20width%3D%22100%22%20height%3D%22100%22%20viewBox%3D%220%200%20100%20100%22%3E%3Crect%20fill%3D%22%23ddd%22%20width%3D%22100%22%20height%3D%22100%22%2F%3E%3Ctext%20fill%3D%22rgba%280%2C0%2C0%2C0.5%29%22%20font-family%3D%22sans-serif%22%20font-size%3D%2220%22%20dy%3D%227%22%20font-weight%3D%22bold%22%20x%3D%2250%25%22%20y%3D%2250%25%22%20text-anchor%3D%22middle%22%3E100%C3%97100%3C%2Ftext%3E%3C%2Fsvg%3E"`;
